******************************************************************************
                  TI ARM Linker PC v20.2.7                     
******************************************************************************
>> Linked Thu May 29 16:07:08 2025

OUTPUT FILE NAME:   <APP_1.out>
ENTRY POINT SYMBOL: "_c_int00_noargs"  address: 00000a19


MEMORY CONFIGURATION

         name            origin    length      used     unused   attr    fill
----------------------  --------  ---------  --------  --------  ----  --------
  FLASH                 00000000   00040000  00000b12  0003f4ee  R  X
  SRAM                  20000000   00008000  00000291  00007d6f  RW X


SEGMENT ALLOCATION MAP

run origin  load origin   length   init length attrs members
----------  ----------- ---------- ----------- ----- -------
00000000    00000000    00000b14   00000b14    r-x
  00000000    00000000    0000026c   0000026c    r-- .intvecs
  0000026c    0000026c    0000081a   0000081a    r-x .text
  00000a88    00000a88    0000008c   0000008c    r-- .cinit
20000000    20000000    00000291   00000000    rw-
  20000000    20000000    00000200   00000000    rw- .stack
  20000200    20000200    00000091   00000000    rw- .data


SECTION ALLOCATION MAP

 output                                  attributes/
section   page    origin      length       input sections
--------  ----  ----------  ----------   ----------------
.intvecs   0    00000000    0000026c     
                  00000000    0000026c     tm4c123gh6pm_startup_ccs.obj (.intvecs)

.text      0    0000026c    0000081a     
                  0000026c    00000368     NVIC.obj (.text)
                  000005d4    0000021c     APP_1.obj (.text)
                  000007f0    000000e0     SysTick.obj (.text)
                  000008d0    0000009c     rtsv7M4_T_le_v4SPD16_eabi.lib : memcpy_t2.asm.obj (.text)
                  0000096c    00000068                                   : copy_decompress_lzss.c.obj (.text:decompress:lzss:__TI_decompress_lzss)
                  000009d4    00000044                                   : autoinit.c.obj (.text:__TI_auto_init_nobinit_nopinit:__TI_auto_init_nobinit_nopinit)
                  00000a18    00000034                                   : boot_cortex_m.c.obj (.text:_c_int00_noargs:_c_int00_noargs)
                  00000a4c    00000018                                   : ll_mul_t2.asm.obj (.text)
                  00000a64    0000000e                                   : copy_decompress_none.c.obj (.text:decompress:none:__TI_decompress_none)
                  00000a72    0000000c     tm4c123gh6pm_startup_ccs.obj (.text)
                  00000a7e    00000004     rtsv7M4_T_le_v4SPD16_eabi.lib : pre_init.c.obj (.text:_system_pre_init)
                  00000a82    00000004                                   : exit.c.obj (.text:abort:abort)

.cinit     0    00000a88    0000008c     
                  00000a88    0000007a     (.cinit..data.load) [load image, compression = lzss]
                  00000b02    00000002     --HOLE-- [fill = 0]
                  00000b04    00000008     (__TI_handler_table)
                  00000b0c    00000008     (__TI_cinit_table)

.init_array 
*          0    00000000    00000000     UNINITIALIZED

.data      0    20000200    00000091     UNINITIALIZED
                  20000200    0000008c     NVIC.obj (.data:NVIC_PRI_n_REGS)
                  2000028c    00000004     SysTick.obj (.data)
                  20000290    00000001     APP_1.obj (.data)

.stack     0    20000000    00000200     UNINITIALIZED
                  20000000    00000004     rtsv7M4_T_le_v4SPD16_eabi.lib : boot_cortex_m.c.obj (.stack)
                  20000004    000001fc     --HOLE--

__llvm_prf_cnts 
*          0    20000000    00000000     UNINITIALIZED

MODULE SUMMARY

       Module                         code   ro data   rw data
       ------                         ----   -------   -------
    .\
       tm4c123gh6pm_startup_ccs.obj   12     620       0      
       APP_1.obj                      540    0         1      
    +--+------------------------------+------+---------+---------+
       Total:                         552    620       1      
                                                              
    .\NVIC\
       NVIC.obj                       872    0         140    
    +--+------------------------------+------+---------+---------+
       Total:                         872    0         140    
                                                              
    .\SysTick\
       SysTick.obj                    224    0         4      
    +--+------------------------------+------+---------+---------+
       Total:                         224    0         4      
                                                              
    C:\ti\ccs1281\ccs\tools\compiler\ti-cgt-arm_20.2.7.LTS\lib\rtsv7M4_T_le_v4SPD16_eabi.lib
       memcpy_t2.asm.obj              156    0         0      
       copy_decompress_lzss.c.obj     104    0         0      
       autoinit.c.obj                 68     0         0      
       boot_cortex_m.c.obj            52     0         0      
       ll_mul_t2.asm.obj              24     0         0      
       copy_decompress_none.c.obj     14     0         0      
       exit.c.obj                     4      0         0      
       pre_init.c.obj                 4      0         0      
    +--+------------------------------+------+---------+---------+
       Total:                         426    0         0      
                                                              
       Stack:                         0      0         512    
       Linker Generated:              0      138       0      
    +--+------------------------------+------+---------+---------+
       Grand Total:                   2074   758       657    


LINKER GENERATED COPY TABLES

__TI_cinit_table @ 00000b0c records: 1, size/record: 8, table size: 8
	.data: load addr=00000a88, load size=0000007a bytes, run addr=20000200, run size=00000091 bytes, compression=lzss


LINKER GENERATED HANDLER TABLE

__TI_handler_table @ 00000b04 records: 2, size/record: 4, table size: 8
	index: 0, handler: __TI_decompress_lzss
	index: 1, handler: __TI_decompress_none


GLOBAL SYMBOLS: SORTED ALPHABETICALLY BY Name 

address   name                          
-------   ----                          
00000a83  C$$EXIT                       
000005d5  Delay_MS                      
00000615  GPIOPortF_Handler             
000006d5  Leds_Init                     
00000479  NVIC_DisableException         
00000313  NVIC_DisableIRQ               
0000041d  NVIC_EnableException          
0000026d  NVIC_EnableIRQ                
20000200  NVIC_PRI_n_REGS               
000004d1  NVIC_SetPriorityException     
000003b9  NVIC_SetPriorityIRQ           
00000a73  ResetISR                      
00000645  SW2_Init                      
00000713  SysTick_CallBackFunc          
000008a7  SysTick_DeInit                
0000086f  SysTick_Handler               
000007f1  SysTick_Init                  
0000087f  SysTick_SetCallBack           
0000089b  SysTick_Start                 
00000823  SysTick_StartBusyWait         
0000088f  SysTick_Stop                  
20000200  __STACK_END                   
00000200  __STACK_SIZE                  
20000200  __STACK_TOP                   
00000b0c  __TI_CINIT_Base               
00000b14  __TI_CINIT_Limit              
00000b04  __TI_Handler_Table_Base       
00000b0c  __TI_Handler_Table_Limit      
000009d5  __TI_auto_init_nobinit_nopinit
0000096d  __TI_decompress_lzss          
00000a65  __TI_decompress_none          
ffffffff  __TI_pprof_out_hndl           
ffffffff  __TI_prof_data_size           
ffffffff  __TI_prof_data_start          
00000000  __TI_static_base__            
00000a4d  __aeabi_lmul                  
000008d1  __aeabi_memcpy                
000008d1  __aeabi_memcpy4               
000008d1  __aeabi_memcpy8               
ffffffff  __binit__                     
ffffffff  __c_args__                    
UNDEFED   __mpu_init                    
20000000  __stack                       
20000000  __start___llvm_prf_cnts       
20000000  __stop___llvm_prf_cnts        
00000a19  _c_int00_noargs               
UNDEFED   _system_post_cinit            
00000a7f  _system_pre_init              
00000a83  abort                         
ffffffff  binit                         
20000290  g_Counter                     
00000000  g_pfnVectors                  
0000076d  main                          
000008d1  memcpy                        


GLOBAL SYMBOLS: SORTED BY Symbol Address 

address   name                          
-------   ----                          
00000000  __TI_static_base__            
00000000  g_pfnVectors                  
00000200  __STACK_SIZE                  
0000026d  NVIC_EnableIRQ                
00000313  NVIC_DisableIRQ               
000003b9  NVIC_SetPriorityIRQ           
0000041d  NVIC_EnableException          
00000479  NVIC_DisableException         
000004d1  NVIC_SetPriorityException     
000005d5  Delay_MS                      
00000615  GPIOPortF_Handler             
00000645  SW2_Init                      
000006d5  Leds_Init                     
00000713  SysTick_CallBackFunc          
0000076d  main                          
000007f1  SysTick_Init                  
00000823  SysTick_StartBusyWait         
0000086f  SysTick_Handler               
0000087f  SysTick_SetCallBack           
0000088f  SysTick_Stop                  
0000089b  SysTick_Start                 
000008a7  SysTick_DeInit                
000008d1  __aeabi_memcpy                
000008d1  __aeabi_memcpy4               
000008d1  __aeabi_memcpy8               
000008d1  memcpy                        
0000096d  __TI_decompress_lzss          
000009d5  __TI_auto_init_nobinit_nopinit
00000a19  _c_int00_noargs               
00000a4d  __aeabi_lmul                  
00000a65  __TI_decompress_none          
00000a73  ResetISR                      
00000a7f  _system_pre_init              
00000a83  C$$EXIT                       
00000a83  abort                         
00000b04  __TI_Handler_Table_Base       
00000b0c  __TI_CINIT_Base               
00000b0c  __TI_Handler_Table_Limit      
00000b14  __TI_CINIT_Limit              
20000000  __stack                       
20000000  __start___llvm_prf_cnts       
20000000  __stop___llvm_prf_cnts        
20000200  NVIC_PRI_n_REGS               
20000200  __STACK_END                   
20000200  __STACK_TOP                   
20000290  g_Counter                     
ffffffff  __TI_pprof_out_hndl           
ffffffff  __TI_prof_data_size           
ffffffff  __TI_prof_data_start          
ffffffff  __binit__                     
ffffffff  __c_args__                    
ffffffff  binit                         
UNDEFED   __mpu_init                    
UNDEFED   _system_post_cinit            

[54 symbols]
