******************************************************************************
                  TI ARM Linker PC v20.2.7                     
******************************************************************************
>> Linked Thu May 29 16:07:09 2025

OUTPUT FILE NAME:   <APP_2.out>
ENTRY POINT SYMBOL: "_c_int00_noargs"  address: 0000189d


MEMORY CONFIGURATION

         name            origin    length      used     unused   attr    fill
----------------------  --------  ---------  --------  --------  ----  --------
  FLASH                 00000000   00040000  00001d56  0003e2aa  R  X
  SRAM                  20000000   00008000  0000064c  000079b4  RW X


SEGMENT ALLOCATION MAP

run origin  load origin   length   init length attrs members
----------  ----------- ---------- ----------- ----- -------
00000000    00000000    00001d58   00001d58    r-x
  00000000    00000000    0000026c   0000026c    r-- .intvecs
  0000026c    0000026c    0000182c   0000182c    r-x .text
  00001a98    00001a98    000001be   000001be    r-- .const
  00001c58    00001c58    00000100   00000100    r-- .cinit
20000000    20000000    00000650   00000000    rw-
  20000000    20000000    00000274   00000000    rw- .data
  20000278    20000278    00000200   00000000    rw- .stack
  20000478    20000478    000001c8   00000000    rw- .bss
  20000640    20000640    00000010   00000000    rw- .sysmem


SECTION ALLOCATION MAP

 output                                  attributes/
section   page    origin      length       input sections
--------  ----  ----------  ----------   ----------------
.intvecs   0    00000000    0000026c     
                  00000000    0000026c     tm4c123gh6pm_startup_ccs.obj (.intvecs)

.text      0    0000026c    0000182c     
                  0000026c    0000062c     APP_2.obj (.text)
                  00000898    00000368     NVIC.obj (.text)
                  00000c00    00000114     rtsv7M4_T_le_v4SPD16_eabi.lib : fputs.c.obj (.text:fputs)
                  00000d14    00000100                                   : memory.c.obj (.text:aligned_alloc)
                  00000e14    000000e4                                   : memory.c.obj (.text:free)
                  00000ef8    000000e0     SysTick.obj (.text)
                  00000fd8    000000dc     rtsv7M4_T_le_v4SPD16_eabi.lib : setvbuf.c.obj (.text:setvbuf)
                  000010b4    0000009c                                   : memcpy_t2.asm.obj (.text)
                  00001150    0000007c                                   : fflush.c.obj (.text:fflush)
                  000011cc    00000074                                   : fclose.c.obj (.text:__TI_closefile)
                  00001240    00000070                                   : memory.c.obj (.text:split)
                  000012b0    0000006c                                   : hostrename.c.obj (.text:HOSTrename)
                  0000131c    00000068                                   : hostlseek.c.obj (.text:HOSTlseek)
                  00001384    00000068                                   : copy_decompress_lzss.c.obj (.text:decompress:lzss:__TI_decompress_lzss)
                  000013ec    00000064                                   : fseek.c.obj (.text:fseek)
                  00001450    00000062                                   : _io_perm.c.obj (.text:__TI_wrt_ok)
                  000014b2    00000002                                   : _lock.c.obj (.text:_nop)
                  000014b4    00000060                                   : hostopen.c.obj (.text:HOSTopen)
                  00001514    0000005c                                   : close.c.obj (.text:close)
                  00001570    00000058                                   : hostread.c.obj (.text:HOSTread)
                  000015c8    00000058                                   : hostwrite.c.obj (.text:HOSTwrite)
                  00001620    0000004c                                   : fflush.c.obj (.text:__TI_doflush)
                  0000166c    00000048                                   : exit.c.obj (.text:exit)
                  000016b4    00000044                                   : hostclose.c.obj (.text:HOSTclose)
                  000016f8    00000044                                   : hostunlink.c.obj (.text:HOSTunlink)
                  0000173c    00000044                                   : autoinit.c.obj (.text:__TI_auto_init_nobinit_nopinit:__TI_auto_init_nobinit_nopinit)
                  00001780    00000044                                   : getdevice.c.obj (.text:getdevice)
                  000017c4    00000038                                   : trgmsg.c.obj (.text:__TI_writemsg)
                  000017fc    00000036                                   : strncpy.c.obj (.text:strncpy)
                  00001832    00000002     --HOLE-- [fill = 0]
                  00001834    00000034                                   : fopen.c.obj (.text:__TI_cleanup)
                  00001868    00000034                                   : trgmsg.c.obj (.text:__TI_readmsg)
                  0000189c    00000034                                   : boot_cortex_m.c.obj (.text:_c_int00_noargs:_c_int00_noargs)
                  000018d0    00000030                                   : getdevice.c.obj (.text:finddevice)
                  00001900    0000002c                                   : unlink.c.obj (.text:unlink)
                  0000192c    00000028                                   : memory.c.obj (.text:free_list_insert)
                  00001954    00000028                                   : lseek.c.obj (.text:lseek)
                  0000197c    00000028                                   : write.c.obj (.text:write)
                  000019a4    00000020                                   : memchr.c.obj (.text:memchr)
                  000019c4    0000001c                                   : assert.c.obj (.text:_abort_msg)
                  000019e0    0000001c                                   : copy_zero_init.c.obj (.text:decompress:ZI:__TI_zero_init_nomemset:__TI_zero_init_nomemset)
                  000019fc    0000001c                                   : memory.c.obj (.text:free_list_remove)
                  00001a18    00000018                                   : strcmp.c.obj (.text:strcmp)
                  00001a30    00000016                                   : strchr.c.obj (.text:strchr)
                  00001a46    00000014                                   : strcpy.c.obj (.text:strcpy)
                  00001a5a    00000014                                   : strlen.c.obj (.text:strlen)
                  00001a6e    0000000e                                   : copy_decompress_none.c.obj (.text:decompress:none:__TI_decompress_none)
                  00001a7c    0000000c     tm4c123gh6pm_startup_ccs.obj (.text)
                  00001a88    00000008     rtsv7M4_T_le_v4SPD16_eabi.lib : memory.c.obj (.text:malloc)
                  00001a90    00000004                                   : pre_init.c.obj (.text:_system_pre_init)
                  00001a94    00000004                                   : exit.c.obj (.text:abort:abort)

.const     0    00001a98    000001be     
                  00001a98    000001be     APP_2.obj (.const:.string)

.cinit     0    00001c58    00000100     
                  00001c58    000000dc     (.cinit..data.load) [load image, compression = lzss]
                  00001d34    0000000c     (__TI_handler_table)
                  00001d40    00000008     (.cinit..bss.load) [load image, compression = zero_init]
                  00001d48    00000010     (__TI_cinit_table)

.init_array 
*          0    00000000    00000000     UNINITIALIZED

.data      0    20000000    00000274     UNINITIALIZED
                  20000000    000000f0     rtsv7M4_T_le_v4SPD16_eabi.lib : defs.c.obj (.data:_ftable)
                  200000f0    0000008c     NVIC.obj (.data:NVIC_PRI_n_REGS)
                  2000017c    00000078     rtsv7M4_T_le_v4SPD16_eabi.lib : host_device.c.obj (.data:_device)
                  200001f4    00000050                                   : host_device.c.obj (.data:_stream)
                  20000244    00000010                                   : defs.c.obj (.data)
                  20000254    0000000c                                   : exit.c.obj (.data:$O1$$)
                  20000260    00000008                                   : _lock.c.obj (.data:$O1$$)
                  20000268    00000008                                   : memory.c.obj (.data:$O1$$)
                  20000270    00000004     SysTick.obj (.data)

.stack     0    20000278    00000200     UNINITIALIZED
                  20000278    00000004     rtsv7M4_T_le_v4SPD16_eabi.lib : boot_cortex_m.c.obj (.stack)
                  2000027c    000001fc     --HOLE--

.bss       0    20000478    000001c8     UNINITIALIZED
                  20000478    00000120     rtsv7M4_T_le_v4SPD16_eabi.lib : trgmsg.c.obj (.bss:_CIOBUF_)
                  20000598    000000a0     (.common:__TI_tmpnams)
                  20000638    00000008     (.common:parmbuf)

.sysmem    0    20000640    00000010     UNINITIALIZED
                  20000640    00000010     rtsv7M4_T_le_v4SPD16_eabi.lib : memory.c.obj (.sysmem)

__llvm_prf_cnts 
*          0    20000000    00000000     UNINITIALIZED

MODULE SUMMARY

       Module                         code   ro data   rw data
       ------                         ----   -------   -------
    .\
       APP_2.obj                      1580   446       0      
       tm4c123gh6pm_startup_ccs.obj   12     620       0      
    +--+------------------------------+------+---------+---------+
       Total:                         1592   1066      0      
                                                              
    .\NVIC\
       NVIC.obj                       872    0         140    
    +--+------------------------------+------+---------+---------+
       Total:                         872    0         140    
                                                              
    .\SysTick\
       SysTick.obj                    224    0         4      
    +--+------------------------------+------+---------+---------+
       Total:                         224    0         4      
                                                              
    C:\ti\ccs1281\ccs\tools\compiler\ti-cgt-arm_20.2.7.LTS\lib\rtsv7M4_T_le_v4SPD16_eabi.lib
       memory.c.obj                   672    0         8      
       defs.c.obj                     0      0         416    
       trgmsg.c.obj                   108    0         288    
       fputs.c.obj                    276    0         0      
       setvbuf.c.obj                  220    0         0      
       fflush.c.obj                   200    0         0      
       host_device.c.obj              0      0         200    
       memcpy_t2.asm.obj              156    0         0      
       fclose.c.obj                   116    0         0      
       getdevice.c.obj                116    0         0      
       hostrename.c.obj               108    0         0      
       copy_decompress_lzss.c.obj     104    0         0      
       hostlseek.c.obj                104    0         0      
       hostopen.c.obj                 96     0         8      
       fseek.c.obj                    100    0         0      
       _io_perm.c.obj                 98     0         0      
       close.c.obj                    92     0         0      
       exit.c.obj                     76     0         12     
       hostread.c.obj                 88     0         0      
       hostwrite.c.obj                88     0         0      
       autoinit.c.obj                 68     0         0      
       hostclose.c.obj                68     0         0      
       hostunlink.c.obj               68     0         0      
       strncpy.c.obj                  54     0         0      
       boot_cortex_m.c.obj            52     0         0      
       fopen.c.obj                    52     0         0      
       unlink.c.obj                   44     0         0      
       lseek.c.obj                    40     0         0      
       write.c.obj                    40     0         0      
       memchr.c.obj                   32     0         0      
       assert.c.obj                   28     0         0      
       copy_zero_init.c.obj           28     0         0      
       strcmp.c.obj                   24     0         0      
       strchr.c.obj                   22     0         0      
       strcpy.c.obj                   20     0         0      
       strlen.c.obj                   20     0         0      
       copy_decompress_none.c.obj     14     0         0      
       _lock.c.obj                    2      0         8      
       pre_init.c.obj                 4      0         0      
    +--+------------------------------+------+---------+---------+
       Total:                         3498   0         940    
                                                              
       Heap:                          0      0         16     
       Stack:                         0      0         512    
       Linker Generated:              0      256       0      
    +--+------------------------------+------+---------+---------+
       Grand Total:                   6186   1322      1612   


LINKER GENERATED COPY TABLES

__TI_cinit_table @ 00001d48 records: 2, size/record: 8, table size: 16
	.data: load addr=00001c58, load size=000000dc bytes, run addr=20000000, run size=00000274 bytes, compression=lzss
	.bss: load addr=00001d40, load size=00000008 bytes, run addr=20000478, run size=000001c8 bytes, compression=zero_init


LINKER GENERATED HANDLER TABLE

__TI_handler_table @ 00001d34 records: 3, size/record: 4, table size: 12
	index: 0, handler: __TI_decompress_lzss
	index: 1, handler: __TI_decompress_none
	index: 2, handler: __TI_zero_init


GLOBAL SYMBOLS: SORTED ALPHABETICALLY BY Name 

address   name                           
-------   ----                           
00001a95  C$$EXIT                        
000017f3  C$$IO$$                        
000016b5  HOSTclose                      
0000131d  HOSTlseek                      
000014b5  HOSTopen                       
00001571  HOSTread                       
000012b1  HOSTrename                     
000016f9  HOSTunlink                     
000015c9  HOSTwrite                      
0000026d  Leds_Init                      
00000aa5  NVIC_DisableException          
0000093f  NVIC_DisableIRQ                
00000a49  NVIC_EnableException           
00000899  NVIC_EnableIRQ                 
200000f0  NVIC_PRI_n_REGS                
00000afd  NVIC_SetPriorityException      
000009e5  NVIC_SetPriorityIRQ            
00001a7d  ResetISR                       
00000faf  SysTick_DeInit                 
00000f77  SysTick_Handler                
00000ef9  SysTick_Init                   
00000f87  SysTick_SetCallBack            
00000fa3  SysTick_Start                  
00000f2b  SysTick_StartBusyWait          
00000f97  SysTick_Stop                   
000002c5  Test_Exceptions_Settings       
20000478  __CIOBUF_                      
20000478  __STACK_END                    
00000200  __STACK_SIZE                   
20000478  __STACK_TOP                    
00000010  __SYSMEM_SIZE                  
00001d48  __TI_CINIT_Base                
00001d58  __TI_CINIT_Limit               
00001d34  __TI_Handler_Table_Base        
00001d40  __TI_Handler_Table_Limit       
0000173d  __TI_auto_init_nobinit_nopinit 
00001835  __TI_cleanup                   
20000254  __TI_cleanup_ptr               
000011cd  __TI_closefile                 
00001385  __TI_decompress_lzss           
00001a6f  __TI_decompress_none           
00001621  __TI_doflush                   
20000258  __TI_dtors_ptr                 
2000025c  __TI_enable_exit_profile_output
20000244  __TI_ft_end                    
ffffffff  __TI_pprof_out_hndl            
ffffffff  __TI_prof_data_size            
ffffffff  __TI_prof_data_start           
00001869  __TI_readmsg                   
00000000  __TI_static_base__             
20000598  __TI_tmpnams                   
000017c5  __TI_writemsg                  
00001451  __TI_wrt_ok                    
000019e1  __TI_zero_init_nomemset        
000010b5  __aeabi_memcpy                 
000010b5  __aeabi_memcpy4                
000010b5  __aeabi_memcpy8                
20000250  __aeabi_stderr                 
20000248  __aeabi_stdin                  
2000024c  __aeabi_stdout                 
ffffffff  __binit__                      
ffffffff  __c_args__                     
UNDEFED   __mpu_init                     
20000278  __stack                        
20000000  __start___llvm_prf_cnts        
20000000  __stop___llvm_prf_cnts         
000019c5  _abort_msg                     
0000189d  _c_int00_noargs                
2000017c  _device                        
20000000  _ftable                        
20000260  _lock                          
000014b3  _nop                           
200001f4  _stream                        
20000640  _sys_memory                    
UNDEFED   _system_post_cinit             
00001a91  _system_pre_init               
20000264  _unlock                        
00001a95  abort                          
00000d15  aligned_alloc                  
ffffffff  binit                          
00001515  close                          
0000166d  exit                           
00001151  fflush                         
000018d1  finddevice                     
00000c01  fputs                          
00000e15  free                           
000013ed  fseek                          
00000000  g_pfnVectors                   
00001781  getdevice                      
00001955  lseek                          
00000821  main                           
00001a89  malloc                         
00000d15  memalign                       
000019a5  memchr                         
000010b5  memcpy                         
20000638  parmbuf                        
00001901  remove                         
00000fd9  setvbuf                        
00001a31  strchr                         
00001a19  strcmp                         
00001a47  strcpy                         
00001a5b  strlen                         
000017fd  strncpy                        
00001901  unlink                         
0000197d  write                          


GLOBAL SYMBOLS: SORTED BY Symbol Address 

address   name                           
-------   ----                           
00000000  __TI_static_base__             
00000000  g_pfnVectors                   
00000010  __SYSMEM_SIZE                  
00000200  __STACK_SIZE                   
0000026d  Leds_Init                      
000002c5  Test_Exceptions_Settings       
00000821  main                           
00000899  NVIC_EnableIRQ                 
0000093f  NVIC_DisableIRQ                
000009e5  NVIC_SetPriorityIRQ            
00000a49  NVIC_EnableException           
00000aa5  NVIC_DisableException          
00000afd  NVIC_SetPriorityException      
00000c01  fputs                          
00000d15  aligned_alloc                  
00000d15  memalign                       
00000e15  free                           
00000ef9  SysTick_Init                   
00000f2b  SysTick_StartBusyWait          
00000f77  SysTick_Handler                
00000f87  SysTick_SetCallBack            
00000f97  SysTick_Stop                   
00000fa3  SysTick_Start                  
00000faf  SysTick_DeInit                 
00000fd9  setvbuf                        
000010b5  __aeabi_memcpy                 
000010b5  __aeabi_memcpy4                
000010b5  __aeabi_memcpy8                
000010b5  memcpy                         
00001151  fflush                         
000011cd  __TI_closefile                 
000012b1  HOSTrename                     
0000131d  HOSTlseek                      
00001385  __TI_decompress_lzss           
000013ed  fseek                          
00001451  __TI_wrt_ok                    
000014b3  _nop                           
000014b5  HOSTopen                       
00001515  close                          
00001571  HOSTread                       
000015c9  HOSTwrite                      
00001621  __TI_doflush                   
0000166d  exit                           
000016b5  HOSTclose                      
000016f9  HOSTunlink                     
0000173d  __TI_auto_init_nobinit_nopinit 
00001781  getdevice                      
000017c5  __TI_writemsg                  
000017f3  C$$IO$$                        
000017fd  strncpy                        
00001835  __TI_cleanup                   
00001869  __TI_readmsg                   
0000189d  _c_int00_noargs                
000018d1  finddevice                     
00001901  remove                         
00001901  unlink                         
00001955  lseek                          
0000197d  write                          
000019a5  memchr                         
000019c5  _abort_msg                     
000019e1  __TI_zero_init_nomemset        
00001a19  strcmp                         
00001a31  strchr                         
00001a47  strcpy                         
00001a5b  strlen                         
00001a6f  __TI_decompress_none           
00001a7d  ResetISR                       
00001a89  malloc                         
00001a91  _system_pre_init               
00001a95  C$$EXIT                        
00001a95  abort                          
00001d34  __TI_Handler_Table_Base        
00001d40  __TI_Handler_Table_Limit       
00001d48  __TI_CINIT_Base                
00001d58  __TI_CINIT_Limit               
20000000  __start___llvm_prf_cnts        
20000000  __stop___llvm_prf_cnts         
20000000  _ftable                        
200000f0  NVIC_PRI_n_REGS                
2000017c  _device                        
200001f4  _stream                        
20000244  __TI_ft_end                    
20000248  __aeabi_stdin                  
2000024c  __aeabi_stdout                 
20000250  __aeabi_stderr                 
20000254  __TI_cleanup_ptr               
20000258  __TI_dtors_ptr                 
2000025c  __TI_enable_exit_profile_output
20000260  _lock                          
20000264  _unlock                        
20000278  __stack                        
20000478  __CIOBUF_                      
20000478  __STACK_END                    
20000478  __STACK_TOP                    
20000598  __TI_tmpnams                   
20000638  parmbuf                        
20000640  _sys_memory                    
ffffffff  __TI_pprof_out_hndl            
ffffffff  __TI_prof_data_size            
ffffffff  __TI_prof_data_start           
ffffffff  __binit__                      
ffffffff  __c_args__                     
ffffffff  binit                          
UNDEFED   __mpu_init                     
UNDEFED   _system_post_cinit             

[105 symbols]
